[wpocean.com/html/tf/love-love/index.html]
[wpocean.com/html/tf/love-love/assets/images/favicon.png]
[backblue.gif]
[fade.gif]
[index.html]
[wpocean.com/html/tf/love-love/assets/css/themify-icons.css]
[wpocean.com/html/tf/love-love/assets/css/font-awesome.min.css]
[wpocean.com/html/tf/love-love/assets/css/flaticon.css]
[wpocean.com/html/tf/love-love/assets/css/bootstrap.min.css]
[wpocean.com/html/tf/love-love/assets/css/animate.css]
[wpocean.com/html/tf/love-love/assets/css/owl.carousel.css]
[wpocean.com/html/tf/love-love/assets/css/owl.theme.css]
[wpocean.com/html/tf/love-love/assets/css/slick.css]
[wpocean.com/html/tf/love-love/assets/css/slick-theme.css]
[wpocean.com/html/tf/love-love/assets/css/swiper.min.css]
[wpocean.com/html/tf/love-love/assets/css/nice-select.css]
[wpocean.com/html/tf/love-love/assets/css/owl.transitions.css]
[wpocean.com/html/tf/love-love/assets/css/jquery.fancybox.css]
[wpocean.com/html/tf/love-love/assets/css/odometer-theme-default.css]
[wpocean.com/html/tf/love-love/assets/css/jquery-ui.css]
[wpocean.com/html/tf/love-love/assets/sass/style.css]
[wpocean.com/html/tf/love-love/assets/images/preloader.svg]
[wpocean.com/html/tf/love-love/assets/images/logo.svg]
[wpocean.com/html/tf/love-love/index-2.html]
[wpocean.com/html/tf/love-love/index-3.html]
[wpocean.com/html/tf/love-love/index-4.html]
[wpocean.com/html/tf/love-love/index-5.html]
[wpocean.com/html/tf/love-love/index-6.html]
[wpocean.com/html/tf/love-love/index-7.html]
[wpocean.com/html/tf/love-love/index-8.html]
[wpocean.com/html/tf/love-love/index-9.html]
[wpocean.com/html/tf/love-love/about.html]
[wpocean.com/html/tf/love-love/story.html]
[wpocean.com/html/tf/love-love/story-2.html]
[wpocean.com/html/tf/love-love/story-3.html]
[wpocean.com/html/tf/love-love/story-4.html]
[wpocean.com/html/tf/love-love/accomodation.html]
[wpocean.com/html/tf/love-love/rsvp.html]
[wpocean.com/html/tf/love-love/rsvp-2.html]
[wpocean.com/html/tf/love-love/rsvp-3.html]
[wpocean.com/html/tf/love-love/rsvp-4.html]
[wpocean.com/html/tf/love-love/rsvp-5.html]
[wpocean.com/html/tf/love-love/gallery.html]
[wpocean.com/html/tf/love-love/planner.html]
[wpocean.com/html/tf/love-love/team-single.html]
[wpocean.com/html/tf/love-love/groom-bride.html]
[wpocean.com/html/tf/love-love/service.html]
[wpocean.com/html/tf/love-love/service-s2.html]
[wpocean.com/html/tf/love-love/service-s3.html]
[wpocean.com/html/tf/love-love/service-single.html]
[wpocean.com/html/tf/love-love/pricing.html]
[wpocean.com/html/tf/love-love/login.html]
[wpocean.com/html/tf/love-love/register.html]
[wpocean.com/html/tf/love-love/forgot.html]
[wpocean.com/html/tf/love-love/coming.html]
[wpocean.com/html/tf/love-love/404.html]
[wpocean.com/html/tf/love-love/portfolio-grid.html]
[wpocean.com/html/tf/love-love/portfolio-masonary.html]
[wpocean.com/html/tf/love-love/portfolio-masonary-s2.html]
[wpocean.com/html/tf/love-love/portfolio-masonary-s3.html]
[wpocean.com/html/tf/love-love/portfolio-masonary-s4.html]
[wpocean.com/html/tf/love-love/portfolio-single.html]
[wpocean.com/html/tf/love-love/shop.html]
[wpocean.com/html/tf/love-love/shop-single.html]
[wpocean.com/html/tf/love-love/cart.html]
[wpocean.com/html/tf/love-love/wishlist.html]
[wpocean.com/html/tf/love-love/checkout.html]
[wpocean.com/html/tf/love-love/contact.html]
[wpocean.com/html/tf/love-love/blog.html]
[wpocean.com/html/tf/love-love/blog-left-sidebar.html]
[wpocean.com/html/tf/love-love/blog-fullwidth.html]
[wpocean.com/html/tf/love-love/index.html]
[wpocean.com/html/tf/love-love/assets/css/themify-icons.css]
[wpocean.com/html/tf/love-love/assets/css/font-awesome.min.css]
[wpocean.com/html/tf/love-love/assets/css/flaticon.css]
[wpocean.com/html/tf/love-love/assets/css/bootstrap.min.css]
[wpocean.com/html/tf/love-love/assets/css/animate.css]
[wpocean.com/html/tf/love-love/assets/css/owl.carousel.css]
[wpocean.com/html/tf/love-love/assets/css/owl.theme.css]
[wpocean.com/html/tf/love-love/assets/css/slick.css]
[wpocean.com/html/tf/love-love/assets/css/slick-theme.css]
[wpocean.com/html/tf/love-love/assets/css/swiper.min.css]
[wpocean.com/html/tf/love-love/assets/css/nice-select.css]
[wpocean.com/html/tf/love-love/assets/css/owl.transitions.css]
[wpocean.com/html/tf/love-love/assets/css/jquery.fancybox.css]
[wpocean.com/html/tf/love-love/assets/css/odometer-theme-default.css]
[wpocean.com/html/tf/love-love/assets/css/jquery-ui.css]
[wpocean.com/html/tf/love-love/assets/sass/style.css]
[wpocean.com/html/tf/love-love/assets/images/preloader.svg]
[wpocean.com/html/tf/love-love/assets/images/logo.svg]
[wpocean.com/html/tf/love-love/index-2.html]
[wpocean.com/html/tf/love-love/index-3.html]
[wpocean.com/html/tf/love-love/index-4.html]
[wpocean.com/html/tf/love-love/index-5.html]
[wpocean.com/html/tf/love-love/index-6.html]
[wpocean.com/html/tf/love-love/index-7.html]
[wpocean.com/html/tf/love-love/index-8.html]
[wpocean.com/html/tf/love-love/index-9.html]
[wpocean.com/html/tf/love-love/about.html]
[wpocean.com/html/tf/love-love/story.html]
[wpocean.com/html/tf/love-love/story-2.html]
[wpocean.com/html/tf/love-love/story-3.html]
[wpocean.com/html/tf/love-love/story-4.html]
[wpocean.com/html/tf/love-love/accomodation.html]
[wpocean.com/html/tf/love-love/rsvp.html]
[wpocean.com/html/tf/love-love/rsvp-2.html]
[wpocean.com/html/tf/love-love/rsvp-3.html]
[wpocean.com/html/tf/love-love/rsvp-4.html]
[wpocean.com/html/tf/love-love/rsvp-5.html]
[wpocean.com/html/tf/love-love/gallery.html]
[wpocean.com/html/tf/love-love/planner.html]
[wpocean.com/html/tf/love-love/team-single.html]
[wpocean.com/html/tf/love-love/groom-bride.html]
[wpocean.com/html/tf/love-love/service.html]
[wpocean.com/html/tf/love-love/service-s2.html]
[wpocean.com/html/tf/love-love/service-s3.html]
[wpocean.com/html/tf/love-love/service-single.html]
[wpocean.com/html/tf/love-love/pricing.html]
[wpocean.com/html/tf/love-love/login.html]
[wpocean.com/html/tf/love-love/register.html]
[wpocean.com/html/tf/love-love/forgot.html]
[wpocean.com/html/tf/love-love/coming.html]
[wpocean.com/html/tf/love-love/404.html]
[wpocean.com/html/tf/love-love/portfolio-grid.html]
[wpocean.com/html/tf/love-love/portfolio-masonary.html]
[wpocean.com/html/tf/love-love/portfolio-masonary-s2.html]
[wpocean.com/html/tf/love-love/portfolio-masonary-s3.html]
[wpocean.com/html/tf/love-love/portfolio-masonary-s4.html]
[wpocean.com/html/tf/love-love/portfolio-single.html]
[wpocean.com/html/tf/love-love/shop.html]
[wpocean.com/html/tf/love-love/shop-single.html]
[wpocean.com/html/tf/love-love/cart.html]
[wpocean.com/html/tf/love-love/wishlist.html]
[wpocean.com/html/tf/love-love/checkout.html]
[wpocean.com/html/tf/love-love/contact.html]
[wpocean.com/html/tf/love-love/blog.html]
[wpocean.com/html/tf/love-love/blog-left-sidebar.html]
[wpocean.com/html/tf/love-love/blog-fullwidth.html]
